{"resourceSpans":[{"resource":{"attributes":[{"key":"resource.attributes.testing_attribute","value":{"stringValue":"testing_value"}},{"key":"service.name","value":{"stringValue":"telemetrygen"}},{"key":"sw.otelcol.collector.name","value":{"stringValue":"testing_collector_name"}},{"key":"sw.otelcol.collector.entity_creation","value":{"stringValue":"on"}}]},"scopeSpans":[{"scope":{"name":"telemetrygen"},"spans":[{"traceId":"249a916d735ac071002a3410fe75df57","spanId":"c434b00d3d893fad","parentSpanId":"badbf878c56c436a","flags":256,"name":"okey-dokey-0","kind":2,"startTimeUnixNano":"1740521687855134287","endTimeUnixNano":"1740521687855257287","attributes":[{"key":"net.sock.peer.addr","value":{"stringValue":"1.2.3.4"}},{"key":"peer.service","value":{"stringValue":"telemetrygen-client"}}],"status":{}},{"traceId":"249a916d735ac071002a3410fe75df57","spanId":"badbf878c56c436a","parentSpanId":"","flags":256,"name":"lets-go","kind":3,"startTimeUnixNano":"1740521687855134287","endTimeUnixNano":"1740521687855257287","attributes":[{"key":"net.sock.peer.addr","value":{"stringValue":"1.2.3.4"}},{"key":"peer.service","value":{"stringValue":"telemetrygen-server"}}],"status":{}},{"traceId":"be08ed4e12db5b8d86ecdb5cf63151b6","spanId":"3b3fea5bce8d110a","parentSpanId":"c3b5832c6c0d80bd","flags":256,"name":"okey-dokey-0","kind":2,"startTimeUnixNano":"1740521687855393297","endTimeUnixNano":"1740521687855516297","attributes":[{"key":"net.sock.peer.addr","value":{"stringValue":"1.2.3.4"}},{"key":"peer.service","value":{"stringValue":"telemetrygen-client"}}],"status":{}},{"traceId":"be08ed4e12db5b8d86ecdb5cf63151b6","spanId":"c3b5832c6c0d80bd","parentSpanId":"","flags":256,"name":"lets-go","kind":3,"startTimeUnixNano":"1740521687855393297","endTimeUnixNano":"1740521687855516297","attributes":[{"key":"net.sock.peer.addr","value":{"stringValue":"1.2.3.4"}},{"key":"peer.service","value":{"stringValue":"telemetrygen-server"}}],"status":{}},{"traceId":"d2e2ad7018cc50281bc92bab960dbf82","spanId":"dd5a5248e86d322f","parentSpanId":"27754b509eb3bf80","flags":256,"name":"okey-dokey-0","kind":2,"startTimeUnixNano":"1740521687855398998","endTimeUnixNano":"1740521687855521998","attributes":[{"key":"net.sock.peer.addr","value":{"stringValue":"1.2.3.4"}},{"key":"peer.service","value":{"stringValue":"telemetrygen-client"}}],"status":{}},{"traceId":"d2e2ad7018cc50281bc92bab960dbf82","spanId":"27754b509eb3bf80","parentSpanId":"","flags":256,"name":"lets-go","kind":3,"startTimeUnixNano":"1740521687855398998","endTimeUnixNano":"1740521687855521998","attributes":[{"key":"net.sock.peer.addr","value":{"stringValue":"1.2.3.4"}},{"key":"peer.service","value":{"stringValue":"telemetrygen-server"}}],"status":{}},{"traceId":"be38eb8d8eabb5ddc21ccbccde9a167e","spanId":"4a154f29a2d8ba49","parentSpanId":"538b1271a8391c98","flags":256,"name":"okey-dokey-0","kind":2,"startTimeUnixNano":"1740521687855406698","endTimeUnixNano":"1740521687855529698","attributes":[{"key":"net.sock.peer.addr","value":{"stringValue":"1.2.3.4"}},{"key":"peer.service","value":{"stringValue":"telemetrygen-client"}}],"status":{}},{"traceId":"be38eb8d8eabb5ddc21ccbccde9a167e","spanId":"538b1271a8391c98","parentSpanId":"","flags":256,"name":"lets-go","kind":3,"startTimeUnixNano":"1740521687855406698","endTimeUnixNano":"1740521687855529698","attributes":[{"key":"net.sock.peer.addr","value":{"stringValue":"1.2.3.4"}},{"key":"peer.service","value":{"stringValue":"telemetrygen-server"}}],"status":{}},{"traceId":"65c138ef98f920e38d8c6328dadbf1fb","spanId":"71712fa86542b82f","parentSpanId":"f55566f84bd0e98b","flags":256,"name":"okey-dokey-0","kind":2,"startTimeUnixNano":"1740521687855409298","endTimeUnixNano":"1740521687855532298","attributes":[{"key":"net.sock.peer.addr","value":{"stringValue":"1.2.3.4"}},{"key":"peer.service","value":{"stringValue":"telemetrygen-client"}}],"status":{}},{"traceId":"65c138ef98f920e38d8c6328dadbf1fb","spanId":"f55566f84bd0e98b","parentSpanId":"","flags":256,"name":"lets-go","kind":3,"startTimeUnixNano":"1740521687855409298","endTimeUnixNano":"1740521687855532298","attributes":[{"key":"net.sock.peer.addr","value":{"stringValue":"1.2.3.4"}},{"key":"peer.service","value":{"stringValue":"telemetrygen-server"}}],"status":{}},{"traceId":"d01292ed6af8d1d93eef44f86896ecb7","spanId":"0a82a777fe320960","parentSpanId":"eb110de4a4a2efe1","flags":256,"name":"okey-dokey-0","kind":2,"startTimeUnixNano":"1740521687855411998","endTimeUnixNano":"1740521687855534998","attributes":[{"key":"net.sock.peer.addr","value":{"stringValue":"1.2.3.4"}},{"key":"peer.service","value":{"stringValue":"telemetrygen-client"}}],"status":{}},{"traceId":"d01292ed6af8d1d93eef44f86896ecb7","spanId":"eb110de4a4a2efe1","parentSpanId":"","flags":256,"name":"lets-go","kind":3,"startTimeUnixNano":"1740521687855411998","endTimeUnixNano":"1740521687855534998","attributes":[{"key":"net.sock.peer.addr","value":{"stringValue":"1.2.3.4"}},{"key":"peer.service","value":{"stringValue":"telemetrygen-server"}}],"status":{}},{"traceId":"9a9b59bb3a97f66e26ffc78c56d9f2ca","spanId":"5774e40ca4dcbb31","parentSpanId":"6193047cab9f9405","flags":256,"name":"okey-dokey-0","kind":2,"startTimeUnixNano":"1740521687855426399","endTimeUnixNano":"1740521687855549399","attributes":[{"key":"net.sock.peer.addr","value":{"stringValue":"1.2.3.4"}},{"key":"peer.service","value":{"stringValue":"telemetrygen-client"}}],"status":{}},{"traceId":"9a9b59bb3a97f66e26ffc78c56d9f2ca","spanId":"6193047cab9f9405","parentSpanId":"","flags":256,"name":"lets-go","kind":3,"startTimeUnixNano":"1740521687855426399","endTimeUnixNano":"1740521687855549399","attributes":[{"key":"net.sock.peer.addr","value":{"stringValue":"1.2.3.4"}},{"key":"peer.service","value":{"stringValue":"telemetrygen-server"}}],"status":{}},{"traceId":"ec172246d52f6e4b554467e5e9973692","spanId":"70aa94f9bb646b99","parentSpanId":"38ed623dcd8a4149","flags":256,"name":"okey-dokey-0","kind":2,"startTimeUnixNano":"1740521687855428899","endTimeUnixNano":"1740521687855551899","attributes":[{"key":"net.sock.peer.addr","value":{"stringValue":"1.2.3.4"}},{"key":"peer.service","value":{"stringValue":"telemetrygen-client"}}],"status":{}},{"traceId":"ec172246d52f6e4b554467e5e9973692","spanId":"38ed623dcd8a4149","parentSpanId":"","flags":256,"name":"lets-go","kind":3,"startTimeUnixNano":"1740521687855428899","endTimeUnixNano":"1740521687855551899","attributes":[{"key":"net.sock.peer.addr","value":{"stringValue":"1.2.3.4"}},{"key":"peer.service","value":{"stringValue":"telemetrygen-server"}}],"status":{}},{"traceId":"58b063a46f202d09e4917ea4192d42f3","spanId":"2ec4786235a8f97d","parentSpanId":"0a51038c1fb940b0","flags":256,"name":"okey-dokey-0","kind":2,"startTimeUnixNano":"1740521687855431299","endTimeUnixNano":"1740521687855554299","attributes":[{"key":"net.sock.peer.addr","value":{"stringValue":"1.2.3.4"}},{"key":"peer.service","value":{"stringValue":"telemetrygen-client"}}],"status":{}},{"traceId":"58b063a46f202d09e4917ea4192d42f3","spanId":"0a51038c1fb940b0","parentSpanId":"","flags":256,"name":"lets-go","kind":3,"startTimeUnixNano":"1740521687855431299","endTimeUnixNano":"1740521687855554299","attributes":[{"key":"net.sock.peer.addr","value":{"stringValue":"1.2.3.4"}},{"key":"peer.service","value":{"stringValue":"telemetrygen-server"}}],"status":{}},{"traceId":"927a9717a2a518ea18e3ec2adbc1c982","spanId":"8f3d91851e22c6ec","parentSpanId":"6a05a9448ebc6402","flags":256,"name":"okey-dokey-0","kind":2,"startTimeUnixNano":"1740521687855433599","endTimeUnixNano":"1740521687855556599","attributes":[{"key":"net.sock.peer.addr","value":{"stringValue":"1.2.3.4"}},{"key":"peer.service","value":{"stringValue":"telemetrygen-client"}}],"status":{}},{"traceId":"927a9717a2a518ea18e3ec2adbc1c982","spanId":"6a05a9448ebc6402","parentSpanId":"","flags":256,"name":"lets-go","kind":3,"startTimeUnixNano":"1740521687855433599","endTimeUnixNano":"1740521687855556599","attributes":[{"key":"net.sock.peer.addr","value":{"stringValue":"1.2.3.4"}},{"key":"peer.service","value":{"stringValue":"telemetrygen-server"}}],"status":{}}]}],"schemaUrl":"https://opentelemetry.io/schemas/1.25.0"}]}