{"resourceLogs":[{"resource":{"attributes":[{"key":"resource.attributes.testing_attribute","value":{"stringValue":"testing_value"}},{"key":"service.name","value":{"stringValue":"telemetrygen"}},{"key":"sw.otelcol.collector.name","value":{"stringValue":"testing_collector_name"}},{"key":"sw.otelcol.collector.entity_creation","value":{"stringValue":"on"}}]},"scopeLogs":[{"scope":{},"logRecords":[{"timeUnixNano":"1740517933770698035","severityNumber":9,"severityText":"Info","body":{"stringValue":"the message"},"attributes":[{"key":"app","value":{"stringValue":"server"}}],"traceId":"","spanId":""}]}],"schemaUrl":"https://opentelemetry.io/schemas/1.25.0"}]}
{"resourceLogs":[{"resource":{"attributes":[{"key":"resource.attributes.testing_attribute","value":{"stringValue":"testing_value"}},{"key":"service.name","value":{"stringValue":"telemetrygen"}},{"key":"sw.otelcol.collector.name","value":{"stringValue":"testing_collector_name"}},{"key":"sw.otelcol.collector.entity_creation","value":{"stringValue":"on"}}]},"scopeLogs":[{"scope":{},"logRecords":[{"timeUnixNano":"1740517934069755335","severityNumber":9,"severityText":"Info","body":{"stringValue":"the message"},"attributes":[{"key":"app","value":{"stringValue":"server"}}],"traceId":"","spanId":""}]}],"schemaUrl":"https://opentelemetry.io/schemas/1.25.0"}]}
{"resourceLogs":[{"resource":{"attributes":[{"key":"resource.attributes.testing_attribute","value":{"stringValue":"testing_value"}},{"key":"service.name","value":{"stringValue":"telemetrygen"}},{"key":"sw.otelcol.collector.name","value":{"stringValue":"testing_collector_name"}},{"key":"sw.otelcol.collector.entity_creation","value":{"stringValue":"on"}}]},"scopeLogs":[{"scope":{},"logRecords":[{"timeUnixNano":"1740517934070133850","severityNumber":9,"severityText":"Info","body":{"stringValue":"the message"},"attributes":[{"key":"app","value":{"stringValue":"server"}}],"traceId":"","spanId":""}]}],"schemaUrl":"https://opentelemetry.io/schemas/1.25.0"}]}
{"resourceLogs":[{"resource":{"attributes":[{"key":"resource.attributes.testing_attribute","value":{"stringValue":"testing_value"}},{"key":"service.name","value":{"stringValue":"telemetrygen"}},{"key":"sw.otelcol.collector.name","value":{"stringValue":"testing_collector_name"}},{"key":"sw.otelcol.collector.entity_creation","value":{"stringValue":"on"}}]},"scopeLogs":[{"scope":{},"logRecords":[{"timeUnixNano":"1740517934070483864","severityNumber":9,"severityText":"Info","body":{"stringValue":"the message"},"attributes":[{"key":"app","value":{"stringValue":"server"}}],"traceId":"","spanId":""}]}],"schemaUrl":"https://opentelemetry.io/schemas/1.25.0"}]}
{"resourceLogs":[{"resource":{"attributes":[{"key":"resource.attributes.testing_attribute","value":{"stringValue":"testing_value"}},{"key":"service.name","value":{"stringValue":"telemetrygen"}},{"key":"sw.otelcol.collector.name","value":{"stringValue":"testing_collector_name"}},{"key":"sw.otelcol.collector.entity_creation","value":{"stringValue":"on"}}]},"scopeLogs":[{"scope":{},"logRecords":[{"timeUnixNano":"1740517934070802977","severityNumber":9,"severityText":"Info","body":{"stringValue":"the message"},"attributes":[{"key":"app","value":{"stringValue":"server"}}],"traceId":"","spanId":""}]}],"schemaUrl":"https://opentelemetry.io/schemas/1.25.0"}]}
{"resourceLogs":[{"resource":{"attributes":[{"key":"resource.attributes.testing_attribute","value":{"stringValue":"testing_value"}},{"key":"service.name","value":{"stringValue":"telemetrygen"}},{"key":"sw.otelcol.collector.name","value":{"stringValue":"testing_collector_name"}},{"key":"sw.otelcol.collector.entity_creation","value":{"stringValue":"on"}}]},"scopeLogs":[{"scope":{},"logRecords":[{"timeUnixNano":"1740517934071156392","severityNumber":9,"severityText":"Info","body":{"stringValue":"the message"},"attributes":[{"key":"app","value":{"stringValue":"server"}}],"traceId":"","spanId":""}]}],"schemaUrl":"https://opentelemetry.io/schemas/1.25.0"}]}
{"resourceLogs":[{"resource":{"attributes":[{"key":"resource.attributes.testing_attribute","value":{"stringValue":"testing_value"}},{"key":"service.name","value":{"stringValue":"telemetrygen"}},{"key":"sw.otelcol.collector.name","value":{"stringValue":"testing_collector_name"}},{"key":"sw.otelcol.collector.entity_creation","value":{"stringValue":"on"}}]},"scopeLogs":[{"scope":{},"logRecords":[{"timeUnixNano":"1740517934071476805","severityNumber":9,"severityText":"Info","body":{"stringValue":"the message"},"attributes":[{"key":"app","value":{"stringValue":"server"}}],"traceId":"","spanId":""}]}],"schemaUrl":"https://opentelemetry.io/schemas/1.25.0"}]}
{"resourceLogs":[{"resource":{"attributes":[{"key":"resource.attributes.testing_attribute","value":{"stringValue":"testing_value"}},{"key":"service.name","value":{"stringValue":"telemetrygen"}},{"key":"sw.otelcol.collector.name","value":{"stringValue":"testing_collector_name"}},{"key":"sw.otelcol.collector.entity_creation","value":{"stringValue":"on"}}]},"scopeLogs":[{"scope":{},"logRecords":[{"timeUnixNano":"1740517934071727715","severityNumber":9,"severityText":"Info","body":{"stringValue":"the message"},"attributes":[{"key":"app","value":{"stringValue":"server"}}],"traceId":"","spanId":""}]}],"schemaUrl":"https://opentelemetry.io/schemas/1.25.0"}]}
{"resourceLogs":[{"resource":{"attributes":[{"key":"resource.attributes.testing_attribute","value":{"stringValue":"testing_value"}},{"key":"service.name","value":{"stringValue":"telemetrygen"}},{"key":"sw.otelcol.collector.name","value":{"stringValue":"testing_collector_name"}},{"key":"sw.otelcol.collector.entity_creation","value":{"stringValue":"on"}}]},"scopeLogs":[{"scope":{},"logRecords":[{"timeUnixNano":"1740517934072063029","severityNumber":9,"severityText":"Info","body":{"stringValue":"the message"},"attributes":[{"key":"app","value":{"stringValue":"server"}}],"traceId":"","spanId":""}]}],"schemaUrl":"https://opentelemetry.io/schemas/1.25.0"}]}
{"resourceLogs":[{"resource":{"attributes":[{"key":"resource.attributes.testing_attribute","value":{"stringValue":"testing_value"}},{"key":"service.name","value":{"stringValue":"telemetrygen"}},{"key":"sw.otelcol.collector.name","value":{"stringValue":"testing_collector_name"}},{"key":"sw.otelcol.collector.entity_creation","value":{"stringValue":"on"}}]},"scopeLogs":[{"scope":{},"logRecords":[{"timeUnixNano":"1740517934072386042","severityNumber":9,"severityText":"Info","body":{"stringValue":"the message"},"attributes":[{"key":"app","value":{"stringValue":"server"}}],"traceId":"","spanId":""}]}],"schemaUrl":"https://opentelemetry.io/schemas/1.25.0"}]}