{"resourceMetrics":[{"resource":{"attributes":[{"key":"resource.attributes.testing_attribute","value":{"stringValue":"testing_value"}},{"key":"service.name","value":{"stringValue":"telemetrygen"}},{"key":"sw.otelcol.collector.name","value":{"stringValue":"testing_collector_name"}},{"key":"sw.otelcol.collector.entity_creation","value":{"stringValue":"on"}}]},"scopeMetrics":[{"scope":{},"metrics":[{"name":"gen","gauge":{"dataPoints":[{"timeUnixNano":"1740499409667276743","asInt":"0"}]}}]}],"schemaUrl":"https://opentelemetry.io/schemas/1.13.0"}]}
{"resourceMetrics":[{"resource":{"attributes":[{"key":"resource.attributes.testing_attribute","value":{"stringValue":"testing_value"}},{"key":"service.name","value":{"stringValue":"telemetrygen"}},{"key":"sw.otelcol.collector.name","value":{"stringValue":"testing_collector_name"}},{"key":"sw.otelcol.collector.entity_creation","value":{"stringValue":"on"}}]},"scopeMetrics":[{"scope":{},"metrics":[{"name":"gen","gauge":{"dataPoints":[{"timeUnixNano":"1740499409975522179","asInt":"1"}]}}]}],"schemaUrl":"https://opentelemetry.io/schemas/1.13.0"}]}
{"resourceMetrics":[{"resource":{"attributes":[{"key":"resource.attributes.testing_attribute","value":{"stringValue":"testing_value"}},{"key":"service.name","value":{"stringValue":"telemetrygen"}},{"key":"sw.otelcol.collector.name","value":{"stringValue":"testing_collector_name"}},{"key":"sw.otelcol.collector.entity_creation","value":{"stringValue":"on"}}]},"scopeMetrics":[{"scope":{},"metrics":[{"name":"gen","gauge":{"dataPoints":[{"timeUnixNano":"1740499409976127405","asInt":"2"}]}}]}],"schemaUrl":"https://opentelemetry.io/schemas/1.13.0"}]}
{"resourceMetrics":[{"resource":{"attributes":[{"key":"resource.attributes.testing_attribute","value":{"stringValue":"testing_value"}},{"key":"service.name","value":{"stringValue":"telemetrygen"}},{"key":"sw.otelcol.collector.name","value":{"stringValue":"testing_collector_name"}},{"key":"sw.otelcol.collector.entity_creation","value":{"stringValue":"on"}}]},"scopeMetrics":[{"scope":{},"metrics":[{"name":"gen","gauge":{"dataPoints":[{"timeUnixNano":"1740499409976639826","asInt":"3"}]}}]}],"schemaUrl":"https://opentelemetry.io/schemas/1.13.0"}]}
{"resourceMetrics":[{"resource":{"attributes":[{"key":"resource.attributes.testing_attribute","value":{"stringValue":"testing_value"}},{"key":"service.name","value":{"stringValue":"telemetrygen"}},{"key":"sw.otelcol.collector.name","value":{"stringValue":"testing_collector_name"}},{"key":"sw.otelcol.collector.entity_creation","value":{"stringValue":"on"}}]},"scopeMetrics":[{"scope":{},"metrics":[{"name":"gen","gauge":{"dataPoints":[{"timeUnixNano":"1740499409977273653","asInt":"4"}]}}]}],"schemaUrl":"https://opentelemetry.io/schemas/1.13.0"}]}
{"resourceMetrics":[{"resource":{"attributes":[{"key":"resource.attributes.testing_attribute","value":{"stringValue":"testing_value"}},{"key":"service.name","value":{"stringValue":"telemetrygen"}},{"key":"sw.otelcol.collector.name","value":{"stringValue":"testing_collector_name"}},{"key":"sw.otelcol.collector.entity_creation","value":{"stringValue":"on"}}]},"scopeMetrics":[{"scope":{},"metrics":[{"name":"gen","gauge":{"dataPoints":[{"timeUnixNano":"1740499409977867378","asInt":"5"}]}}]}],"schemaUrl":"https://opentelemetry.io/schemas/1.13.0"}]}
{"resourceMetrics":[{"resource":{"attributes":[{"key":"resource.attributes.testing_attribute","value":{"stringValue":"testing_value"}},{"key":"service.name","value":{"stringValue":"telemetrygen"}},{"key":"sw.otelcol.collector.name","value":{"stringValue":"testing_collector_name"}},{"key":"sw.otelcol.collector.entity_creation","value":{"stringValue":"on"}}]},"scopeMetrics":[{"scope":{},"metrics":[{"name":"gen","gauge":{"dataPoints":[{"timeUnixNano":"1740499409978231193","asInt":"6"}]}}]}],"schemaUrl":"https://opentelemetry.io/schemas/1.13.0"}]}
{"resourceMetrics":[{"resource":{"attributes":[{"key":"resource.attributes.testing_attribute","value":{"stringValue":"testing_value"}},{"key":"service.name","value":{"stringValue":"telemetrygen"}},{"key":"sw.otelcol.collector.name","value":{"stringValue":"testing_collector_name"}},{"key":"sw.otelcol.collector.entity_creation","value":{"stringValue":"on"}}]},"scopeMetrics":[{"scope":{},"metrics":[{"name":"gen","gauge":{"dataPoints":[{"timeUnixNano":"1740499409978667811","asInt":"7"}]}}]}],"schemaUrl":"https://opentelemetry.io/schemas/1.13.0"}]}
{"resourceMetrics":[{"resource":{"attributes":[{"key":"resource.attributes.testing_attribute","value":{"stringValue":"testing_value"}},{"key":"service.name","value":{"stringValue":"telemetrygen"}},{"key":"sw.otelcol.collector.name","value":{"stringValue":"testing_collector_name"}},{"key":"sw.otelcol.collector.entity_creation","value":{"stringValue":"on"}}]},"scopeMetrics":[{"scope":{},"metrics":[{"name":"gen","gauge":{"dataPoints":[{"timeUnixNano":"1740499409979105230","asInt":"8"}]}}]}],"schemaUrl":"https://opentelemetry.io/schemas/1.13.0"}]}
{"resourceMetrics":[{"resource":{"attributes":[{"key":"resource.attributes.testing_attribute","value":{"stringValue":"testing_value"}},{"key":"service.name","value":{"stringValue":"telemetrygen"}},{"key":"sw.otelcol.collector.name","value":{"stringValue":"testing_collector_name"}},{"key":"sw.otelcol.collector.entity_creation","value":{"stringValue":"on"}}]},"scopeMetrics":[{"scope":{},"metrics":[{"name":"gen","gauge":{"dataPoints":[{"timeUnixNano":"1740499409980087671","asInt":"9"}]}}]}],"schemaUrl":"https://opentelemetry.io/schemas/1.13.0"}]}